// Jest Snapshot v1, https://goo.gl/fbAQLP

exports[`My HomePage render My HomePage Component 1`] = `[Function]`;
