// Jest Snapshot v1, https://goo.gl/fbAQLP

exports[`Header render Header Component 1`] = `[Function]`;
